[okstartups.com/index.html]
[backblue.gif]
[fade.gif]
[index.html]
[okstartups.com/wp-content/plugins/super-socializer/images/close.png]
[okstartups.com/wp-content/plugins/super-socializer/images/ajax_loader.gif]
[okstartups.com/wp-content/uploads/blocksy/css/global1127.css]
[okstartups.com/wp-content/plugins/premium-addons-for-elementor/assets/frontend/min-css/premium-addons.minac9c.css]
[okstartups.com/wp-content/plugins/woocustomizer/assets/css/frontend4468.css]
[okstartups.com/wp-content/plugins/wpc-composite-products/assets/css/frontenddc24.css]
[okstartups.com/feed/index.html]
[okstartups.com/wp-content/themes/blocksy/static/bundle/woocommerce.min765d.css]
[okstartups.com/wp-content/plugins/elementskit-lite/modules/elementskit-icon-pack/assets/css/ekiticons583f.css]
[okstartups.com/wp-content/plugins/elementskit/modules/parallax/assets/css/style3b71.css]
[okstartups.com/comments/feed/index.html]
[okstartups.com/https_/okstartups.com/index.html]
[okstartups.com/wp-includes/css/dashicons.min380f.css]
[okstartups.com/wp-includes/js/thickbox/thickbox380f.css]
[okstartups.com/wp-content/plugins/super-socializer/css/front1eab.css]
[okstartups.com/wp-content/plugins/elementor/assets/lib/eicons/css/elementor-icons.mind54b.css]
[okstartups.com/wp-content/plugins/elementor/assets/css/frontend.min3cad.css]
[okstartups.com/wp-content/plugins/elementor/assets/lib/swiper/css/swiper.min48f5.css]
[okstartups.com/wp-content/uploads/elementor/css/post-3440b6.css]
[okstartups.com/wp-content/plugins/elementor/assets/lib/font-awesome/css/all.minac9c.css]
[okstartups.com/wp-content/plugins/elementor/assets/lib/font-awesome/css/v4-shims.min3cad.css]
[okstartups.com/wp-content/plugins/elementskit/modules/mouse-cursor/assets/css/style3b71.css]
[okstartups.com/wp-content/uploads/elementor/css/post-13517c4e.css]
[okstartups.com/wp-content/themes/blocksy/static/bundle/main.min765d.css]
[okstartups.com/wp-content/plugins/blocksy-companion-pro/framework/premium/static/bundle/divider.min12fd.css]
[okstartups.com/wp-content/plugins/blocksy-companion-pro/framework/premium/extensions/shortcuts/static/bundle/main.min12fd.css]
[okstartups.com/wp-content/plugins/blocksy-companion-pro/framework/premium/extensions/woocommerce-extra/static/bundle/main.min12fd.css]
[okstartups.com/wp-content/plugins/blocksy-companion-pro/framework/premium/extensions/woocommerce-extra/static/bundle/floating-bar.min12fd.css]
[okstartups.com/wp-content/plugins/blocksy-companion-pro/framework/premium/extensions/woocommerce-extra/static/bundle/shipping-progress.min12fd.css]
[okstartups.com/wp-content/plugins/blocksy-companion-pro/framework/premium/extensions/woocommerce-extra/static/bundle/custom-badges.min12fd.css]
[okstartups.com/wp-content/plugins/blocksy-companion-pro/framework/premium/extensions/woocommerce-extra/static/bundle/sale-countdown.min12fd.css]
[okstartups.com/wp-content/plugins/blocksy-companion-pro/framework/premium/extensions/mega-menu/static/bundle/main.min12fd.css]
[okstartups.com/wp-content/themes/blocksy/static/bundle/elementor-frontend.min765d.css]
[okstartups.com/wp-content/themes/blocksy/static/bundle/elementor-woocommerce-frontend.min765d.css]
[okstartups.com/wp-content/plugins/blocksy-companion-pro/static/bundle/header-account.min12fd.css]
[okstartups.com/wp-content/plugins/blocksy-companion-pro/framework/premium/static/bundle/popups.min12fd.css]
[okstartups.com/wp-content/plugins/elementskit-lite/widgets/init/assets/css/widget-styles583f.css]
[okstartups.com/wp-content/plugins/elementskit/widgets/init/assets/css/widget-styles-pro3b71.css]
[okstartups.com/wp-content/plugins/elementskit-lite/widgets/init/assets/css/responsive583f.css]
[okstartups.com/wp-content/plugins/elementor/assets/lib/font-awesome/css/fontawesome.min52d5.css]
[okstartups.com/wp-content/plugins/elementor/assets/lib/font-awesome/css/solid.min52d5.css]
[okstartups.com/wp-content/plugins/elementor/assets/lib/font-awesome/css/regular.min52d5.css]
[okstartups.com/wp-content/plugins/elementor/assets/lib/font-awesome/css/brands.min52d5.css]
[okstartups.com/wp-includes/js/jquery/jquery.minf43b.js]
[okstartups.com/wp-includes/js/jquery/jquery-migrate.min5589.js]
[okstartups.com/wp-content/plugins/woocommerce/assets/js/jquery-blockui/jquery.blockUI.min2cf3.js]
[okstartups.com/wp-content/plugins/woocommerce/assets/js/js-cookie/js.cookie.minfb7e.js]
[okstartups.com/wp-content/plugins/woocommerce/assets/js/frontend/woocommerce.min1da8.js]
[okstartups.com/wp-content/plugins/woocommerce/assets/js/frontend/cart-fragments.min1da8.js]
[okstartups.com/wp-content/plugins/elementskit/modules/parallax/assets/js/jarallax3b71.js]
[okstartups.com/wp-content/plugins/elementor/assets/lib/font-awesome/js/v4-shims.min3cad.js]
[okstartups.com/wp-json/wp/v2/pages/1351.json]
[okstartups.com/wp-json/index.html]
[okstartups.com/xmlrpc0db0.php]
[okstartups.com/wp-json/oembed/1.0/embed6a69.json]
[okstartups.com/wp-json/oembed/1.0/embedf4ca]
[okstartups.com/wp-content/themes/blocksy/static/bundle/no-scripts.min.css]
[okstartups.com/wp-content/plugins/elementskit/modules/parallax/index.html]
[okstartups.com/wp-content/uploads/2024/01/cropped-avatar-ProfilePictureMaker.com_-32x32.png]
[okstartups.com/wp-content/uploads/2024/01/cropped-avatar-ProfilePictureMaker.com_-192x192.png]
[okstartups.com/wp-content/uploads/2024/01/cropped-avatar-ProfilePictureMaker.com_-180x180.png]
[okstartups.com/wp-content/uploads/2023/10/New-Logo.png]
[okstartups.com/wp-content/uploads/2023/10/White-logo-only.svg]
[okstartups.com/product/gst-registration/index.html]
[okstartups.com/account/index.html]
[okstartups.com/product/msme-certificate/index.html]
[okstartups.com/product/trademark-application/index.html]
[okstartups.com/wp-content/uploads/2023/10/lll.svg]
[okstartups.com/wp-content/uploads/2024/01/Sole-Proprietor.png]
[okstartups.com/career/index.html]
[okstartups.com/wp-content/uploads/2024/01/LLP.png]
[okstartups.com/product/sole-proprietorship/index.html]
[okstartups.com/wp-content/uploads/2024/01/Companyy.png]
[okstartups.com/product/limited-liability-company/index.html]
[okstartups.com/wp-content/uploads/2023/10/Vector-1.svg]
[okstartups.com/product/company-registration/index.html]
[okstartups.com/wp-content/uploads/2024/01/Group-36466.png]
[okstartups.com/wp-content/uploads/2023/10/Shape-Strokea.svg]
[okstartups.com/wp-content/uploads/2024/01/noun-scribbled-rotate-up-arrow-2513528.png]
[okstartups.com/product/startup-india-registration/index.html]
[okstartups.com/product/fssai-registration/index.html]
[okstartups.com/wp-content/uploads/2023/10/招聘矢量插画人物场景插画招聘1080924黑与白-01-copy.svg]
[okstartups.com/ct_content_block/subscription-button/index.html]
[okstartups.com/wp-content/uploads/2023/09/6.-about-our-team-3.svg]
[okstartups.com/product/private-limited-company/index.html]
[okstartups.com/wp-content/uploads/2023/09/Mobile-1.svg]
[okstartups.com/indexbf93.html]
[okstartups.com/wp-content/uploads/2023/09/video-1.svg]
[cdn.razorpay.com/static/widget/subscription-button.js]
[okstartups.com/wp-content/uploads/2023/10/Pi7_ResizeGroup20.png]
[okstartups.com/wp-content/uploads/2023/10/Pi7_Resizeimage1-1.png]
[okstartups.com/wp-content/uploads/2023/10/Pi7_ResizeEdden.png]
[okstartups.com/wp-content/uploads/2023/10/Pi7_ResizeUnicornpost_prev_ui.png]
[okstartups.com/wp-content/uploads/2023/06/man.png]
[okstartups.com/wp-content/plugins/woocommerce/assets/client/blocks/wc-blocksa9b0.css]
[okstartups.com/wp-content/uploads/elementor/css/post-1863043f3.css]
[okstartups.com/contact-us/index.html]
[okstartups.com/home-duplicate-1351/index.html]
[okstartups.com/faq/index.html]
[okstartups.com/privacy-policy/index.html]
[okstartups.com/wp-content/uploads/elementor/css/post-1861143f3.css]
[okstartups.com/terms-of-service/index.html]
[okstartups.com/refund-policy/index.html]
[okstartups.com/cancellation-policy/index.html]
[okstartups.com/wp-content/uploads/elementor/css/post-1875643f3.css]
[okstartups.com/wp-content/uploads/elementor/css/post-1851643f3.css]
[okstartups.com/wp-content/uploads/elementor/css/post-1852143f3.css]
[okstartups.com/wp-content/uploads/elementor/css/post-1662843f3.css]
[okstartups.com/cart/index.html]
[okstartups.com/wp-content/uploads/elementor/css/post-1660943f3.css]
[okstartups.com/wp-content/plugins/premium-addons-for-elementor/assets/frontend/min-css/slick.minac9c.css]
[okstartups.com/wp-content/uploads/elementor/css/post-1344343f3.css]
[okstartups.com/wp-content/uploads/elementor/css/post-1343543f3.css]
[okstartups.com/wp-content/uploads/elementor/css/post-1343343f3.css]
[okstartups.com/wp-content/uploads/elementor/css/post-1343143f3.css]
[okstartups.com/wp-content/plugins/elementskit/modules/particles/assets/css/particles3b71.css]
[okstartups.com/wp-content/plugins/elementor/assets/lib/animations/animations.min3cad.css]
[okstartups.com/wp-content/plugins/woocommerce/assets/js/sourcebuster/sourcebuster.min1da8.js]
[okstartups.com/wp-content/plugins/woocommerce/assets/js/frontend/order-attribution.min1da8.js]
[okstartups.com/wp-content/plugins/duracelltomi-google-tag-manager/dist/js/gtm4wp-ecommerce-generic9ac0.js]
[okstartups.com/wp-content/plugins/duracelltomi-google-tag-manager/dist/js/gtm4wp-woocommerce9ac0.js]
[okstartups.com/wp-content/plugins/wpc-composite-products/assets/libs/ddslick/jquery.ddslick.mindc24.js]
[okstartups.com/wp-includes/js/imagesloaded.minbb93.js]
[okstartups.com/wp-content/plugins/wpc-composite-products/assets/js/frontenddc24.js]
[okstartups.com/wp-content/plugins/elementskit-lite/widgets/init/assets/js/widget-scripts583f.js]
[okstartups.com/wp-content/plugins/elementskit/modules/parallax/assets/js/anime3b71.js]
[okstartups.com/wp-content/plugins/elementskit/modules/parallax/assets/js/parallax-frontend-scripts3b71.js]
[okstartups.com/wp-includes/js/thickbox/thickboxab87.js]
[okstartups.com/wp-content/plugins/super-socializer/js/front/combined1eab.js]
[okstartups.com/wp-content/themes/blocksy/static/bundle/main765d.js]
[okstartups.com/wp-content/plugins/elementor/assets/lib/waypoints/waypoints.min05da.js]
[okstartups.com/wp-content/plugins/premium-addons-for-elementor/assets/frontend/min-js/lottie.minac9c.js]
[okstartups.com/wp-content/plugins/premium-addons-for-elementor/assets/frontend/min-js/TweenMax.minac9c.js]
[okstartups.com/wp-content/plugins/premium-addons-for-elementor/assets/frontend/min-js/motionpath.minac9c.js]
[okstartups.com/wp-content/plugins/premium-addons-for-elementor/assets/frontend/min-js/premium-addons.minac9c.js]
[okstartups.com/wp-content/plugins/premium-addons-for-elementor/assets/frontend/min-js/slick.minac9c.js]
[okstartups.com/wp-content/plugins/elementor/assets/js/webpack.runtime.min3cad.js]
[okstartups.com/wp-content/plugins/elementor/assets/js/frontend-modules.min3cad.js]
[okstartups.com/wp-includes/js/jquery/ui/core.min3f14.js]
[okstartups.com/wp-content/plugins/elementor/assets/js/frontend.min3cad.js]
[okstartups.com/wp-content/plugins/elementskit-lite/widgets/init/assets/js/animate-circle.min583f.js]
[okstartups.com/wp-content/plugins/elementskit-lite/widgets/init/assets/js/elementor583f.js]
[okstartups.com/wp-content/plugins/premium-addons-for-elementor/assets/frontend/min-js/fontawesome-all.minac9c.js]
[okstartups.com/wp-content/plugins/elementskit/widgets/init/assets/js/elementor3b71.js]
[okstartups.com/wp-content/plugins/elementskit/modules/sticky-content/assets/js/elementskit-sticky-content3b71.js]
[okstartups.com/wp-content/plugins/elementskit/modules/particles/assets/js/particles.min3b71.js]
[okstartups.com/wp-content/plugins/elementskit/modules/particles/assets/js/ekit-particles3b71.js]
[okstartups.com/wp-content/plugins/elementskit/modules/parallax/assets/js/parallax-admin-scripts3b71.js]
[okstartups.com/wp-content/plugins/elementskit/modules/wrapper-link/assets/js/wrapper3b71.js]
[okstartups.com/wp-content/plugins/elementskit/modules/mouse-cursor/assets/js/cotton.min3b71.js]
[okstartups.com/index.html]
[okstartups.com/wp-admin/admin-ajax.html]
[okstartups.com/wp-content/plugins/elementskit/modules/mouse-cursor/assets/js/mouse-cursor-scripts3b71.js]
[okstartups.com/wp-admin/index.html]
[okstartups.com/https_/okstartups.com/index.html]
[okstartups.com/wp-loginbf10.html]
[okstartups.com/wp-content/uploads/2023/05/WhyteInktrap-Medium.woff2]
[okstartups.com/wp-content/uploads/blocksy/css/global1127.css]
[okstartups.com/wp-content/plugins/premium-addons-for-elementor/assets/editor/fonts/pa-elements157d.eot]
[okstartups.com/wp-content/plugins/premium-addons-for-elementor/assets/editor/fonts/pa-elements157d.ttf]
[okstartups.com/wp-content/plugins/premium-addons-for-elementor/assets/editor/fonts/pa-elements157d.woff]
[okstartups.com/wp-content/plugins/premium-addons-for-elementor/assets/editor/fonts/pa-elements157d.svg]
[okstartups.com/wp-content/plugins/premium-addons-for-elementor/assets/plugins/premium-addons-for-elementor/assets/editor/fonts/pa-elements157d.eot]
[okstartups.com/wp-content/plugins/premium-addons-for-elementor/assets/plugins/premium-addons-for-elementor/assets/editor/fonts/pa-elements157d.ttf]
[okstartups.com/wp-content/plugins/premium-addons-for-elementor/assets/plugins/premium-addons-for-elementor/assets/editor/fonts/pa-elements157d.woff]
[okstartups.com/wp-content/plugins/premium-addons-for-elementor/assets/plugins/premium-addons-for-elementor/assets/editor/fonts/pa-elements157d.svg]
[okstartups.com/wp-content/plugins/premium-addons-for-elementor/assets/frontend/min-css/premium-addons.minac9c.css]
[okstartups.com/wp-content/plugins/woocustomizer/assets/images/loader.gif]
[okstartups.com/wp-content/plugins/woocustomizer/assets/images/stats-icon.png]
[okstartups.com/wp-content/plugins/woocustomizer/assets/images/close-icon.png]
[okstartups.com/wp-content/plugins/woocustomizer/assets/css/frontend4468.css]
[okstartups.com/wp-content/plugins/wpc-composite-products/assets/css/frontenddc24.css]
[okstartups.com/wp-content/plugins/wpc-composite-products/assets/images/open.svg]
[okstartups.com/wp-content/themes/blocksy/static/fonts/woo.woff2]
[okstartups.com/wp-content/themes/blocksy/static/bundle/woocommerce.min765d.css]
[okstartups.com/wp-content/plugins/elementskit-lite/modules/elementskit-icon-pack/assets/css/ekiticons583f.css]
[okstartups.com/wp-content/plugins/elementskit/modules/parallax/assets/css/style3b71.css]
[okstartups.com/wp-includes/fonts/dashicons7d4b.eot]
[okstartups.com/wp-content/plugins/elementskit-lite/modules/elementskit-icon-pack/assets/fonts/elementskit97ac.woff]
[okstartups.com/wp-includes/fonts/dashicons7d4b.ttf]
[okstartups.com/wp-includes/css/dashicons.min380f.css]
[okstartups.com/wp-includes/js/thickbox/thickbox380f.css]
[okstartups.com/wp-content/plugins/super-socializer/images/transparent_bg.png]
[okstartups.com/wp-content/plugins/super-socializer/images/login/login.png]
[okstartups.com/wp-content/plugins/super-socializer/css/front1eab.css]
[okstartups.com/wp-content/plugins/elementor/assets/lib/eicons/fonts/eicons8016.eot]
[okstartups.com/wp-content/plugins/elementor/assets/lib/eicons/fonts/eicons8016.woff2]
[okstartups.com/wp-content/plugins/elementor/assets/lib/eicons/fonts/eicons8016.woff]
[okstartups.com/wp-content/plugins/elementor/assets/lib/eicons/fonts/eicons8016.ttf]
[okstartups.com/wp-content/plugins/elementor/assets/lib/eicons/css/elementor-icons.mind54b.css]
[okstartups.com/wp-content/plugins/elementor/assets/css/frontend.min3cad.css]
[okstartups.com/wp-content/plugins/elementor/assets/lib/swiper/css/swiper.min48f5.css]
[okstartups.com/wp-content/uploads/elementor/css/post-3440b6.css]
[okstartups.com/wp-content/plugins/elementor/assets/lib/eicons/fonts/eicons8016.svg]
[okstartups.com/wp-content/plugins/elementor/assets/lib/font-awesome/webfonts/fa-brands-400.eot]
[okstartups.com/wp-content/plugins/elementor/assets/lib/font-awesome/webfonts/fa-brands-400d41d.eot]
[okstartups.com/wp-content/plugins/elementor/assets/lib/font-awesome/webfonts/fa-brands-400.woff2]
[okstartups.com/wp-content/plugins/elementor/assets/lib/font-awesome/webfonts/fa-brands-400.woff]
[okstartups.com/wp-content/plugins/elementor/assets/lib/font-awesome/webfonts/fa-brands-400.ttf]
[okstartups.com/wp-content/plugins/elementor/assets/lib/font-awesome/webfonts/fa-brands-400.svg]
[okstartups.com/wp-content/plugins/elementor/assets/lib/font-awesome/webfonts/fa-regular-400.eot]
[okstartups.com/wp-content/plugins/elementor/assets/lib/font-awesome/webfonts/fa-regular-400d41d.eot]
[okstartups.com/wp-content/plugins/elementor/assets/lib/font-awesome/webfonts/fa-regular-400.woff2]
[okstartups.com/wp-content/plugins/elementor/assets/lib/font-awesome/webfonts/fa-regular-400.woff]
[okstartups.com/wp-content/plugins/elementor/assets/lib/font-awesome/webfonts/fa-regular-400.ttf]
[okstartups.com/wp-content/plugins/elementor/assets/lib/font-awesome/webfonts/fa-regular-400.svg]
[okstartups.com/wp-content/plugins/elementor/assets/lib/font-awesome/webfonts/fa-solid-900.eot]
[okstartups.com/wp-content/plugins/elementor/assets/lib/font-awesome/webfonts/fa-solid-900d41d.eot]
[okstartups.com/wp-content/plugins/elementor/assets/lib/font-awesome/webfonts/fa-solid-900.woff2]
[okstartups.com/wp-content/plugins/elementor/assets/lib/font-awesome/webfonts/fa-solid-900.woff]
[okstartups.com/wp-content/plugins/elementor/assets/lib/font-awesome/webfonts/fa-solid-900.ttf]
[okstartups.com/wp-content/plugins/elementor/assets/lib/font-awesome/css/all.minac9c.css]
[okstartups.com/wp-content/plugins/elementor/assets/lib/font-awesome/css/v4-shims.min3cad.css]
[okstartups.com/wp-content/plugins/elementskit/modules/mouse-cursor/assets/css/style3b71.css]
[okstartups.com/wp-content/uploads/2024/01/pattern-300x300.png]
[okstartups.com/wp-content/uploads/elementor/css/post-13517c4e.css]
[okstartups.com/wp-content/plugins/elementor/assets/lib/font-awesome/webfonts/fa-solid-900.svg]
[okstartups.com/wp-content/themes/blocksy/static/fonts/stars.woff2]
[okstartups.com/wp-content/themes/blocksy/static/bundle/main.min765d.css]
[okstartups.com/wp-content/plugins/blocksy-companion-pro/framework/premium/static/bundle/divider.min12fd.css]
[okstartups.com/wp-content/plugins/blocksy-companion-pro/framework/premium/extensions/shortcuts/static/bundle/main.min12fd.css]
[okstartups.com/wp-content/plugins/blocksy-companion-pro/framework/premium/extensions/woocommerce-extra/static/bundle/main.min12fd.css]
[okstartups.com/wp-content/plugins/blocksy-companion-pro/framework/premium/extensions/woocommerce-extra/static/bundle/floating-bar.min12fd.css]
[okstartups.com/wp-content/plugins/blocksy-companion-pro/framework/premium/extensions/woocommerce-extra/static/bundle/shipping-progress.min12fd.css]
[okstartups.com/wp-content/plugins/blocksy-companion-pro/framework/premium/extensions/woocommerce-extra/static/bundle/custom-badges.min12fd.css]
[okstartups.com/wp-content/plugins/blocksy-companion-pro/framework/premium/extensions/woocommerce-extra/static/bundle/sale-countdown.min12fd.css]
[okstartups.com/wp-content/plugins/blocksy-companion-pro/framework/premium/extensions/mega-menu/static/bundle/main.min12fd.css]
[okstartups.com/wp-content/themes/blocksy/static/bundle/elementor-frontend.min765d.css]
[okstartups.com/wp-content/themes/blocksy/static/bundle/elementor-woocommerce-frontend.min765d.css]
[okstartups.com/wp-content/plugins/blocksy-companion-pro/static/bundle/header-account.min12fd.css]
[okstartups.com/wp-content/plugins/blocksy-companion-pro/framework/premium/static/bundle/popups.min12fd.css]
[okstartups.com/wp-content/plugins/elementskit-lite/widgets/init/assets/img/arrow.png]
[okstartups.com/wp-content/plugins/elementskit-lite/widgets/init/assets/img/sort_asc.png]
[okstartups.com/wp-content/plugins/elementskit-lite/widgets/init/assets/img/sort_desc.png]
[okstartups.com/wp-content/plugins/elementskit-lite/widgets/init/assets/img/sort_asc_disabled.png]
[okstartups.com/wp-content/plugins/elementskit-lite/widgets/init/assets/css/widget-styles583f.css]
[okstartups.com/wp-content/plugins/elementskit/widgets/init/assets/css/widget-styles-pro3b71.css]
[okstartups.com/wp-content/plugins/elementskit-lite/widgets/init/assets/css/responsive583f.css]
[okstartups.com/wp-content/plugins/elementor/assets/lib/font-awesome/css/fontawesome.min52d5.css]
[okstartups.com/wp-content/plugins/elementor/assets/lib/font-awesome/css/solid.min52d5.css]
[okstartups.com/wp-content/plugins/elementor/assets/lib/font-awesome/css/regular.min52d5.css]
[okstartups.com/wp-content/plugins/elementor/assets/lib/font-awesome/css/brands.min52d5.css]
[okstartups.com/wp-includes/js/jquery/jquery.minf43b.js]
[okstartups.com/wp-includes/js/jquery/jquery-migrate.min5589.js]
[okstartups.com/wp-content/plugins/woocommerce/assets/js/jquery-blockui/jquery.blockUI.min2cf3.js]
[okstartups.com/wp-content/plugins/woocommerce/assets/js/js-cookie/js.cookie.minfb7e.js]
[okstartups.com/wp-content/plugins/woocommerce/assets/js/frontend/woocommerce.min1da8.js]
[okstartups.com/wp-content/plugins/woocommerce/assets/js/frontend/cart-fragments.min1da8.js]
[okstartups.com/wp-content/plugins/elementskit/modules/parallax/assets/js/jarallax3b71.js]
[okstartups.com/wp-content/plugins/elementor/assets/lib/font-awesome/js/v4-shims.min3cad.js]
[okstartups.com/wp-content/themes/blocksy/static/bundle/no-scripts.min.css]
[okstartups.com/wp-content/plugins/elementskit/modules/parallax/index.html]
[www.googletagmanager.com/gtm5445.html]
[okstartups.com/wp-content/plugins/elementskit-lite/widgets/init/assets/img/cross-out.svg]
[okstartups.com/wp-content/plugins/woocommerce/assets/css/select21da8.css]
[okstartups.com/account/https_/okstartups.com/account/index.html]
[okstartups.com/Trident/index.html]
[okstartups.com/Edge/index.html]
[okstartups.com/wp-content/uploads/elementor/css/post-123577a6.css]
[okstartups.com/wp-content/themes/blocksy/static/bundle/share-box.min765d.css]
[okstartups.com/wp-content/plugins/woocommerce/assets/js/selectWoo/selectWoo.full.min62ad.js]
[okstartups.com/wp-json/wp/v2/pages/1235.json]
[okstartups.com/wp-json/oembed/1.0/embedbade.json]
[okstartups.com/wp-json/oembed/1.0/embed8c22]
[okstartups.com/account/index.html]
[okstartups.com/wp-content/plugins/woocommerce/assets/js/jquery-tiptip/jquery.tipTip.min1da8.js]
[okstartups.com/wp-includes/css/dist/block-library/style.min380f.css]
[okstartups.com/account/lost-password/index.html]
[okstartups.com/wp-content/plugins/woocommerce/assets/css/photoswipe/photoswipe.min1da8.css]
[okstartups.com/wp-content/plugins/woocommerce/assets/css/photoswipe/default-skin/default-skin.min1da8.css]
[okstartups.com/product/trademark-application/feed/index.html]
[okstartups.com/product/trademark-application/https_/okstartups.com/product/trademark-application/index.html]
[okstartups.com/wp-content/plugins/blocksy-companion-pro/framework/premium/extensions/woocommerce-extra/static/bundle/advanced-reviews.min12fd.css]
[okstartups.com/wp-content/themes/blocksy/static/bundle/sidebar.min765d.css]
[okstartups.com/wp-content/themes/blocksy/static/bundle/comments.min765d.css]
[okstartups.com/wp-content/themes/blocksy/static/bundle/flexy.min765d.css]
[okstartups.com/wp-content/plugins/woocommerce/assets/js/photoswipe/photoswipe.minefec.js]
[okstartups.com/wp-content/plugins/woocommerce/assets/js/photoswipe/photoswipe-ui-default.minefec.js]
[okstartups.com/wp-content/plugins/woocommerce/assets/js/frontend/single-product.min1da8.js]
[okstartups.com/wp-json/wp/v2/product/13067.json]
[okstartups.com/wp-json/oembed/1.0/embed3418.json]
[okstartups.com/wp-json/oembed/1.0/embed711d]
[okstartups.com/wp-content/uploads/2023/05/Trademark-Registration-100x100.png]
[okstartups.com/wp-content/uploads/2023/05/Trademark-Registration-600x600.png]
[okstartups.com/product/trademark-application/index.html]
[okstartups.com/wp-includes/js/comment-reply.min380f.js]
[okstartups.com/product/gst-registration/https_/okstartups.com/product/gst-registration/index.html]
[okstartups.com/product/gst-registration/feed/index.html]
[okstartups.com/wp-json/wp/v2/product/13065.json]
[okstartups.com/wp-json/oembed/1.0/embedec6e.json]
[okstartups.com/wp-json/oembed/1.0/embed7b1d]
[okstartups.com/wp-content/uploads/2023/05/GST-Registration-100x100.png]
[okstartups.com/wp-content/uploads/2023/05/GST-Registration-600x600.png]
[okstartups.com/product/gst-registration/index.html]
[okstartups.com/wp-json/wp/v2/product/13062.json]
[okstartups.com/product/msme-certificate/https_/okstartups.com/product/msme-certificate/index.html]
[okstartups.com/product/msme-certificate/feed/index.html]
[okstartups.com/wp-json/oembed/1.0/embed165b.json]
[okstartups.com/wp-json/oembed/1.0/embedd314]
[okstartups.com/wp-content/uploads/2023/05/MSME-Registration-100x100.png]
[okstartups.com/wp-content/uploads/2023/05/MSME-Registration-600x600.png]
[okstartups.com/product/msme-certificate/index.html]
[okstartups.com/checkout/index.html]
[okstartups.com/wp-content/uploads/2023/10/White-logo-only.svg]
[okstartups.com/wp-content/uploads/elementor/css/post-258584d5.css]
[okstartups.com/career/https_/okstartups.com/career/index.html]
[okstartups.com/wp-json/wp/v2/pages/2585.json]
[okstartups.com/wp-json/oembed/1.0/embed82c6.json]
[okstartups.com/wp-json/oembed/1.0/embedc536]
[okstartups.com/wp-content/uploads/2023/01/Frame-4.png]
[okstartups.com/career/index.html]
[okstartups.com/wp-content/uploads/2023/10/lll.svg]
[okstartups.com/wp-json/wp/v2/product/13058.json]
[okstartups.com/product/sole-proprietorship/https_/okstartups.com/product/sole-proprietorship/index.html]
[okstartups.com/product/sole-proprietorship/feed/index.html]
[okstartups.com/wp-json/oembed/1.0/embed40ec.json]
[okstartups.com/wp-json/oembed/1.0/embed30fe]
[okstartups.com/wp-content/uploads/2023/05/Proprietor-Registration-100x100.png]
[okstartups.com/wp-content/uploads/2023/05/Proprietor-Registration-600x600.png]
[okstartups.com/product/sole-proprietorship/index.html]
[okstartups.com/product/limited-liability-company/https_/okstartups.com/product/limited-liability-company/index.html]
[okstartups.com/wp-json/wp/v2/product/13748.json]
[okstartups.com/product/limited-liability-company/feed/index.html]
[okstartups.com/wp-json/oembed/1.0/embede9e6.json]
[okstartups.com/wp-json/oembed/1.0/embedef37]
[okstartups.com/wp-content/uploads/2023/06/LLP-Registration-100x100.png]
[okstartups.com/wp-content/uploads/2023/06/LLP-Registration-600x600.png]
[okstartups.com/wp-content/uploads/2024/02/Process-of-LLP-Registration.webp]
[okstartups.com/product/limited-liability-company/index.html]
[okstartups.com/wp-json/wp/v2/product/16883.json]
[okstartups.com/product/company-registration/https_/okstartups.com/product/company-registration/index.html]
[okstartups.com/product/company-registration/feed/index.html]
[okstartups.com/wp-json/oembed/1.0/embedfe06.json]
[okstartups.com/wp-json/oembed/1.0/embed98cc]
[okstartups.com/wp-content/uploads/2023/10/Company-Registration-100x100.png]
[okstartups.com/wp-content/uploads/2023/10/Company-Registration-600x600.png]
[okstartups.com/wp-content/uploads/2024/01/Private-Limited-Company-Registration-Process.png]
[okstartups.com/wp-content/uploads/2023/05/Proprietor-Registration-300x300.png]
[okstartups.com/wp-content/uploads/2023/05/MSME-Registration-300x300.png]
[okstartups.com/wp-content/uploads/2023/05/Trademark-Registration-300x300.png]
[okstartups.com/product/company-registration/index.html]
[okstartups.com/wp-content/uploads/2023/10/Vector-1.svg]
[okstartups.com/wp-content/uploads/2023/10/Shape-Strokea.svg]
[okstartups.com/product/company-registration/index58ec.html]
[okstartups.com/product/company-registration/indexc4a2.html]
[okstartups.com/product/company-registration/indexd9eb.html]
[okstartups.com/product/startup-india-registration/https_/okstartups.com/product/startup-india-registration/index.html]
[okstartups.com/wp-json/wp/v2/product/13069.json]
[okstartups.com/product/startup-india-registration/feed/index.html]
[okstartups.com/wp-json/oembed/1.0/embed5f92.json]
[okstartups.com/wp-json/oembed/1.0/embed2e95]
[okstartups.com/wp-content/uploads/2023/05/Startup-India-Registration-100x100.png]
[okstartups.com/wp-content/uploads/2023/05/Startup-India-Registration-600x600.png]
[okstartups.com/product/startup-india-registration/index.html]
[okstartups.com/wp-json/wp/v2/product/13060.json]
[okstartups.com/product/fssai-registration/https_/okstartups.com/product/fssai-registration/index.html]
[okstartups.com/product/fssai-registration/feed/index.html]
[okstartups.com/wp-json/oembed/1.0/embed2115.json]
[okstartups.com/wp-json/oembed/1.0/embed10fb]
[okstartups.com/wp-content/uploads/2023/05/FSSAI-Registration-100x100.png]
[okstartups.com/wp-content/uploads/2023/05/FSSAI-Registration-600x600.png]
[okstartups.com/product/fssai-registration/index.html]
[okstartups.com/wp-json/wp/v2/ct_content_block/18903.json]
[okstartups.com/ct_content_block/subscription-button/https_/okstartups.com/ct_content_block/subscription-button/index.html]
[okstartups.com/wp-json/oembed/1.0/embedfe98.json]
[okstartups.com/ct_content_block/subscription-button/index.html]
[okstartups.com/wp-content/uploads/2023/10/招聘矢量插画人物场景插画招聘1080924黑与白-01-copy.svg]
[okstartups.com/product/company-incorporation/index.html]
[okstartups.com/product/private-limited-company/index.html]
[okstartups.com/wp-content/uploads/2023/09/6.-about-our-team-3.svg]
[okstartups.com/indexbf93.html]
[okstartups.com/wp-content/uploads/2023/09/Mobile-1.svg]
[okstartups.com/wp-content/uploads/2023/09/video-1.svg]
[okstartups.com/home-duplicate-1351/index.html]
[okstartups.com/wp-json/oembed/1.0/embed589f]
[okstartups.com/wp-json/wp/v2/pages/2587.json]
[okstartups.com/contact-us/https_/okstartups.com/contact-us/index.html]
[okstartups.com/wp-json/oembed/1.0/embed35ac.json]
[okstartups.com/contact-us/index.html]
[okstartups.com/wp-json/oembed/1.0/embed85d4]
[okstartups.com/wp-json/wp/v2/pages/2589.json]
[okstartups.com/faq/https_/okstartups.com/faq/index.html]
[okstartups.com/wp-json/oembed/1.0/embed28df.json]
[okstartups.com/faq/index.html]
[okstartups.com/wp-json/oembed/1.0/embedd0a2]
[okstartups.com/wp-json/wp/v2/pages/3.json]
[okstartups.com/privacy-policy/https_/okstartups.com/privacy-policy/index.html]
[okstartups.com/privacy-policy/feed/index.html]
[okstartups.com/wp-json/oembed/1.0/embed3587.json]
[okstartups.com/privacy-policy/index.html]
[okstartups.com/wp-json/oembed/1.0/embedc96e]
[okstartups.com/wp-json/wp/v2/pages/12608.json]
[okstartups.com/refund-policy/https_/okstartups.com/refund-policy/index.html]
[okstartups.com/wp-json/oembed/1.0/embed094c.json]
[okstartups.com/wp-json/oembed/1.0/embed4664]
[okstartups.com/refund-policy/okstartups.com]
[okstartups.com/cdn-cgi/l/email-protection.html]
[okstartups.com/refund-policy/index.html]
[okstartups.com/cdn-cgi/scripts/5c5dd728/cloudflare-static/email-decode.min.js]
[okstartups.com/wp-json/wp/v2/pages/2591.json]
[okstartups.com/terms-of-service/https_/okstartups.com/terms-of-service/index.html]
[okstartups.com/wp-json/oembed/1.0/embedbf94.json]
[okstartups.com/terms-of-service/index.html]
[okstartups.com/wp-json/oembed/1.0/embed65df]
[okstartups.com/wp-json/wp/v2/pages/17717.json]
[okstartups.com/cancellation-policy/https_/okstartups.com/cancellation-policy/index.html]
[okstartups.com/wp-json/oembed/1.0/embedb7b0.json]
[okstartups.com/cancellation-policy/index.html]
[okstartups.com/wp-json/oembed/1.0/embed28f3]
[okstartups.com/wp-content/plugins/woocommerce/assets/js/frontend/country-select.min1da8.js]
[okstartups.com/wp-content/plugins/woocommerce/assets/js/frontend/address-i18n.min1da8.js]
[okstartups.com/cart/https_/okstartups.com/cart/index.html]
[okstartups.com/wp-content/plugins/woocommerce/assets/js/frontend/cart.min1da8.js]
[okstartups.com/wp-json/wp/v2/pages/1220.json]
[okstartups.com/wp-json/oembed/1.0/embed1de1.json]
[okstartups.com/cart/index.html]
[okstartups.com/wp-content/plugins/woocommerce/assets/client/blocks/wc-blocksa9b0.css]
[okstartups.com/wp-content/uploads/elementor/css/post-1863043f3.css]
[okstartups.com/wp-content/uploads/elementor/css/post-1861143f3.css]
[okstartups.com/wp-content/uploads/elementor/css/post-1875643f3.css]
[okstartups.com/wp-content/uploads/elementor/css/post-1851643f3.css]
[okstartups.com/wp-content/uploads/elementor/css/post-1852143f3.css]
[okstartups.com/wp-content/uploads/elementor/css/post-1662843f3.css]
[okstartups.com/wp-content/uploads/elementor/css/post-1660943f3.css]
[okstartups.com/wp-content/plugins/premium-addons-for-elementor/assets/frontend/min-css/slick.minac9c.css]
[okstartups.com/wp-content/uploads/elementor/css/post-1344343f3.css]
[okstartups.com/wp-content/uploads/elementor/css/post-1343543f3.css]
[okstartups.com/wp-content/uploads/elementor/css/post-1343343f3.css]
[okstartups.com/wp-content/uploads/elementor/css/post-1343143f3.css]
[okstartups.com/wp-content/plugins/elementskit/modules/particles/assets/css/particles3b71.css]
[okstartups.com/wp-content/plugins/elementor/assets/lib/animations/animations.min3cad.css]
[okstartups.com/wp-content/plugins/woocommerce/assets/js/sourcebuster/sourcebuster.min1da8.js]
[okstartups.com/wp-content/plugins/woocommerce/assets/js/frontend/order-attribution.min1da8.js]
[okstartups.com/wp-content/plugins/duracelltomi-google-tag-manager/dist/js/gtm4wp-ecommerce-generic9ac0.js]
[okstartups.com/wp-content/plugins/duracelltomi-google-tag-manager/dist/js/gtm4wp-woocommerce9ac0.js]
[okstartups.com/wp-content/plugins/wpc-composite-products/assets/libs/ddslick/jquery.ddslick.mindc24.js]
[okstartups.com/wp-includes/js/imagesloaded.minbb93.js]
[okstartups.com/wp-content/plugins/wpc-composite-products/assets/js/frontenddc24.js]
[okstartups.com/wp-content/plugins/elementskit-lite/libs/framework/assets/js/frontend-script583f.js]
[okstartups.com/wp-content/plugins/elementskit-lite/widgets/init/assets/js/widget-scripts583f.js]
[okstartups.com/wp-content/plugins/elementskit/modules/parallax/assets/js/anime3b71.js]
[okstartups.com/wp-content/plugins/elementskit/modules/parallax/assets/js/parallax-frontend-scripts3b71.js]
[okstartups.com/wp-includes/js/thickbox/thickboxab87.js]
[okstartups.com/wp-json/oembed/1.0/embed7071]
[apis.google.com/js/plusone.js]
[okstartups.com/wp-content/plugins/super-socializer/js/front/combined1eab.js]
[okstartups.com/wp-content/themes/blocksy/static/bundle/main765d.js]
[okstartups.com/wp-content/plugins/elementor/assets/lib/waypoints/waypoints.min05da.js]
[okstartups.com/GET]
[okstartups.com/wp-content/plugins/premium-addons-for-elementor/assets/frontend/min-js/lottie.minac9c.js]
[code.jquery.com/jquery-latest.min.js]
[okstartups.com/wp-content/plugins/premium-addons-for-elementor/assets/frontend/min-js/fontawesome-all.minac9c.js]
[okstartups.com/wp-content/plugins/premium-addons-for-elementor/assets/frontend/min-js/TweenMax.minac9c.js]
[okstartups.com/wp-content/plugins/premium-addons-for-elementor/assets/frontend/min-js/motionpath.minac9c.js]
[okstartups.com/images/index.html]
[okstartups.com/giItT1WQy@!-/index.html]
[okstartups.com/window.location.118.delayed]
[okstartups.com/wp-content/plugins/premium-addons-for-elementor/assets/frontend/min-js/premium-addons.minac9c.js]
[okstartups.com/wp-content/plugins/premium-addons-for-elementor/assets/frontend/min-js/slick.minac9c.js]
[okstartups.com/wp-content/plugins/elementor/assets/js/webpack.runtime.min3cad.js]
[okstartups.com/wp-content/plugins/elementor/assets/js/frontend-modules.min3cad.js]
[okstartups.com/wp-includes/js/jquery/ui/core.min3f14.js]
[okstartups.com/-negative.svg]
[okstartups.com/wp-content/plugins/elementor/assets/js/frontend.min3cad.js]
[okstartups.com/wp-content/plugins/elementskit-lite/widgets/init/assets/js/animate-circle.min583f.js]
[okstartups.com/wp-content/plugins/elementskit-lite/widgets/init/assets/js/elementor583f.js]
[okstartups.com/wp-content/plugins/elementskit/widgets/init/assets/js/elementor3b71.js]
[okstartups.com/wp-content/plugins/elementskit/modules/sticky-content/assets/js/elementskit-sticky-content3b71.js]
[okstartups.com/OPR/index.html]
[okstartups.com/Error pJS - No image.src]
[okstartups.com/wp-content/plugins/elementskit/modules/particles/assets/js/particles.min3b71.js]
[okstartups.com/wp-content/plugins/elementskit/modules/particles/assets/js/ekit-particles3b71.js]
[okstartups.com/wp-content/plugins/elementskit/modules/parallax/assets/js/parallax-admin-scripts3b71.js]
[okstartups.com/wp-content/plugins/elementskit/modules/wrapper-link/assets/js/wrapper3b71.js]
[okstartups.com/wp-content/plugins/elementskit/modules/mouse-cursor/assets/js/cotton.min3b71.js]
[okstartups.com/wp-content/plugins/elementskit/modules/mouse-cursor/assets/js/mouse-cursor-scripts3b71.js]
[okstartups.com/wp-includes/css/buttons.min380f.css]
[okstartups.com/wp-admin/css/forms.min380f.css]
[okstartups.com/wp-admin/css/l10n.min380f.css]
[okstartups.com/wp-admin/css/login.min380f.css]
[okstartups.com/wp-admin/&reauth=1]
[okstartups.com/wp-includes/js/zxcvbn-async.min5152.js]
[okstartups.com/wp-includes/js/dist/vendor/wp-polyfill-inert.min0226.js]
[okstartups.com/wp-includes/js/dist/vendor/regenerator-runtime.min6c85.js]
[okstartups.com/wp-includes/js/dist/vendor/wp-polyfill.min2c7c.js]
[okstartups.com/wp-includes/js/dist/hooks.min2757.js]
[okstartups.com/wp-includes/js/dist/i18n.minc33c.js]
[okstartups.com/wp-admin/js/password-strength-meter.min380f.js]
[okstartups.com/wp-includes/js/underscore.mind584.js]
[okstartups.com/wp-includes/js/wp-util.min380f.js]
[okstartups.com/wp-loginbf10.html]
[okstartups.com/wp-content/plugins/premium-addons-for-elementor/assets/editor/fonts/pa-elements157d.svg]
[okstartups.com/wp-content/plugins/premium-addons-for-elementor/assets/plugins/premium-addons-for-elementor/assets/editor/fonts/pa-elements157d.html]
[okstartups.com/wp-content/plugins/premium-addons-for-elementor/assets/plugins/premium-addons-for-elementor/assets/editor/fonts/pa-elements157d-2.html]
[okstartups.com/wp-content/plugins/premium-addons-for-elementor/assets/plugins/premium-addons-for-elementor/assets/editor/fonts/pa-elements157d-3.html]
[okstartups.com/wp-content/plugins/premium-addons-for-elementor/assets/plugins/premium-addons-for-elementor/assets/editor/fonts/pa-elements157d-4.html]
[okstartups.com/wp-content/plugins/wpc-composite-products/assets/images/open.svg]
[okstartups.com/wp-content/plugins/elementor/assets/lib/eicons/fonts/eicons8016.svg]
[okstartups.com/wp-content/plugins/elementor/assets/lib/font-awesome/webfonts/fa-brands-400.svg]
[okstartups.com/wp-content/plugins/elementor/assets/lib/font-awesome/webfonts/fa-regular-400.svg]
[okstartups.com/wp-admin/js/user-profile.min380f.js]
[okstartups.com/wp-content/plugins/elementor/assets/lib/font-awesome/webfonts/fa-solid-900.svg]
[okstartups.com/wp-content/plugins/elementskit-lite/widgets/init/assets/img/cross-out.svg]
[okstartups.com/Trident/index.html]
[okstartups.com/Edge/index.html]
[okstartups.com/account/https_/okstartups.com/account/index.html]
[okstartups.com/wp-content/plugins/woocommerce/assets/css/select21da8.css]
[okstartups.com/wp-content/uploads/elementor/css/post-123577a6.css]
[okstartups.com/wp-content/themes/blocksy/static/bundle/share-box.min765d.css]
[okstartups.com/wp-content/plugins/woocommerce/assets/js/selectWoo/selectWoo.full.min62ad.js]
[okstartups.com/index5bce.html]
[okstartups.com/wp-content/plugins/woocommerce/assets/js/frontend/password-strength-meter.min1da8.js]
[okstartups.com/account/lost-password/index.html]
[okstartups.com/wp-content/plugins/woocommerce/assets/js/jquery-tiptip/jquery.tipTip.min1da8.js]
[okstartups.com/product/trademark-application/https_/okstartups.com/product/trademark-application/index.html]
[okstartups.com/wp-includes/css/dist/block-library/style.min380f.css]
[okstartups.com/wp-content/plugins/woocommerce/assets/js/frontend/lost-password.min1da8.js]
[okstartups.com/wp-content/plugins/woocommerce/assets/css/photoswipe/default-skin/default-skin.png]
[okstartups.com/wp-content/plugins/woocommerce/assets/css/photoswipe/photoswipe.min1da8.css]
[okstartups.com/wp-content/plugins/woocommerce/assets/css/photoswipe/default-skin/default-skin.svg]
[okstartups.com/wp-content/plugins/woocommerce/assets/css/photoswipe/default-skin/preloader.gif]
[okstartups.com/wp-content/plugins/woocommerce/assets/css/photoswipe/default-skin/default-skin.min1da8.css]
[okstartups.com/wp-content/plugins/blocksy-companion-pro/framework/premium/extensions/woocommerce-extra/static/bundle/advanced-reviews.min12fd.css]
[okstartups.com/wp-content/themes/blocksy/static/bundle/sidebar.min765d.css]
[okstartups.com/wp-content/themes/blocksy/static/bundle/comments.min765d.css]
[okstartups.com/wp-content/themes/blocksy/static/bundle/flexy.min765d.css]
[okstartups.com/wp-content/plugins/woocommerce/assets/js/photoswipe/photoswipe.minefec.js]
[okstartups.com/wp-content/plugins/woocommerce/assets/js/photoswipe/photoswipe-ui-default.minefec.js]
[okstartups.com/wp-content/plugins/woocommerce/assets/js/frontend/single-product.min1da8.js]
[okstartups.com/index8ab2.html]
[okstartups.com/wp-includes/js/comment-reply.min380f.js]
[okstartups.com/product/gst-registration/https_/okstartups.com/product/gst-registration/index.html]
[okstartups.com/indexf5e7.html]
[okstartups.com/product/msme-certificate/https_/okstartups.com/product/msme-certificate/index.html]
[okstartups.com/index9f50.html]
[okstartups.com/career/https_/okstartups.com/career/index.html]
[okstartups.com/wp-content/uploads/elementor/css/post-258584d5.css]
[okstartups.com/indexef1a.html]
[okstartups.com/wp-content/uploads/2023/01/Frame-4.html]
[okstartups.com/product/sole-proprietorship/https_/okstartups.com/product/sole-proprietorship/index.html]
[okstartups.com/index29ec.html]
[okstartups.com/product/limited-liability-company/https_/okstartups.com/product/limited-liability-company/index.html]
[okstartups.com/index7689.html]
[okstartups.com/product/company-registration/https_/okstartups.com/product/company-registration/index.html]
[okstartups.com/index99a9.html]
[okstartups.com/product/company-registration/https_/okstartups.com/product/company-registration/_add-to-cart=13058]
[okstartups.com/cart/index716e.html]
[okstartups.com/wp-content/uploads/2023/05/Proprietor-Registration-300x400.png]
[okstartups.com/product/company-registration/index58ec.html]
[okstartups.com/product/company-registration/https_/okstartups.com/product/company-registration/_add-to-cart=13062]
[okstartups.com/wp-content/uploads/2023/05/MSME-Registration-300x400.png]
[okstartups.com/product/company-registration/indexc4a2.html]
[okstartups.com/cart/index8fc2.html]
[okstartups.com/product/company-registration/https_/okstartups.com/product/company-registration/_add-to-cart=13067]
[okstartups.com/wp-content/uploads/2023/05/Trademark-Registration-300x400.png]
[okstartups.com/product/company-registration/indexd9eb.html]
[okstartups.com/product/startup-india-registration/https_/okstartups.com/product/startup-india-registration/index.html]
[okstartups.com/index73ba.html]
[okstartups.com/product/fssai-registration/https_/okstartups.com/product/fssai-registration/index.html]
[okstartups.com/indexba16.html]
[okstartups.com/ct_content_block/subscription-button/https_/okstartups.com/ct_content_block/subscription-button/index.html]
[okstartups.com/indexfacf.html]
[okstartups.com/contact-us/https_/okstartups.com/contact-us/index.html]
[okstartups.com/index757e.html]
[okstartups.com/faq/https_/okstartups.com/faq/index.html]
[okstartups.com/index18bf.html]
[okstartups.com/privacy-policy/https_/okstartups.com/privacy-policy/index.html]
[okstartups.com/index2207.html]
[okstartups.com/refund-policy/https_/okstartups.com/refund-policy/index.html]
[okstartups.com/indexbc61.html]
[okstartups.com/refund-policy/okstartups.html]
[okstartups.com/cdn-cgi/l/email-protection.html]
[okstartups.com/terms-of-service/https_/okstartups.com/terms-of-service/index.html]
[okstartups.com/indexecda.html]
[okstartups.com/cancellation-policy/https_/okstartups.com/cancellation-policy/index.html]
[okstartups.com/indexfdc2.html]
[okstartups.com/cart/https_/okstartups.com/cart/index.html]
[okstartups.com/wp-content/plugins/woocommerce/assets/js/frontend/country-select.min1da8.js]
[okstartups.com/wp-content/plugins/woocommerce/assets/js/frontend/address-i18n.min1da8.js]
[okstartups.com/wp-content/plugins/woocommerce/assets/js/frontend/cart.min1da8.js]
[okstartups.com/indexa731.html]
[okstartups.com/GET.html]
[okstartups.com/images/index.html]
[okstartups.com/giItT1WQy@!-/index.html]
[okstartups.com/window.location.html]
[okstartups.com/-negative.html]
[okstartups.com/OPR/index.html]
[okstartups.com/Error pJS - No image.html]
[okstartups.com/wp-includes/css/buttons.min380f.css]
[okstartups.com/wp-admin/images/loading.gif]
[okstartups.com/wp-admin/css/forms.min380f.css]
[okstartups.com/wp-admin/css/l10n.min380f.css]
[okstartups.com/wp-admin/images/w-logo-blue7a53.png]
[okstartups.com/wp-admin/css/login.min380f.css]
[okstartups.com/wp-admin/&reauth=1.html]
[okstartups.com/wp-includes/js/zxcvbn-async.min5152.js]
[okstartups.com/wp-includes/js/dist/vendor/wp-polyfill-inert.min0226.js]
[okstartups.com/wp-includes/js/dist/vendor/regenerator-runtime.min6c85.js]
[okstartups.com/wp-includes/js/dist/vendor/wp-polyfill.min2c7c.js]
[okstartups.com/wp-includes/js/dist/hooks.min2757.js]
[okstartups.com/wp-includes/js/dist/i18n.minc33c.js]
[okstartups.com/wp-admin/js/password-strength-meter.min380f.js]
[okstartups.com/wp-includes/js/underscore.mind584.js]
[okstartups.com/wp-includes/js/wp-util.min380f.js]
[okstartups.com/wp-admin/js/user-profile.min380f.js]
[okstartups.com/account/lost-password/https_/okstartups.com/account/lost-password/index.html]
[okstartups.com/wp-content/plugins/woocommerce/assets/js/frontend/password-strength-meter.min1da8.js]
[okstartups.com/wp-content/plugins/woocommerce/assets/js/frontend/lost-password.min1da8.js]
[okstartups.com/wp-content/plugins/woocommerce/assets/css/photoswipe/default-skin/default-skin.svg]
[okstartups.com/product/company-registration/https_/okstartups.com/product/company-registration/_add-to-cart=13058.html]
[okstartups.com/wp-admin/images/wordpress-logo7d6b.svg]
[okstartups.com/cart/https_/okstartups.com/cart/_remove_item=902daf6855267276c83a639cbb25165c&_wpnonce=fc91024d16]
[okstartups.com/cart/index716e.html]
[okstartups.com/product/company-registration/https_/okstartups.com/product/company-registration/_add-to-cart=13062.html]
[okstartups.com/account/lost-password/https_/okstartups.com/account/lost-password/index-2.html]
[okstartups.com/cart/https_/okstartups.com/cart/_remove_item=9d70ada63ee39c2f16e678bbf698df46&_wpnonce=1a59347e95]
[okstartups.com/cart/index8fc2.html]
[okstartups.com/product/company-registration/https_/okstartups.com/product/company-registration/_add-to-cart=13067.html]
[okstartups.com/cart/index97ef.html]
[okstartups.com/wp-admin/images/wordpress-logo7d6b.svg]
[okstartups.com/account/lost-password/https_/okstartups.com/account/lost-password/index-2.html]
[okstartups.com/cart/https_/okstartups.com/cart/_remove_item=902daf6855267276c83a639cbb25165c&_wpnonce=fc91024d16.html]
[okstartups.com/cart/https_/okstartups.com/cart/_remove_item=9d70ada63ee39c2f16e678bbf698df46&_wpnonce=1a59347e95.html]
[okstartups.com/product/company-registration/indexaafe.html]
[okstartups.com/product/company-registration/http_/okstartups.com/product/company-registration/_removed_item=1]
[okstartups.com/product/company-registration/indexaafe.html]
[okstartups.com/account/lost-password/https_/okstartups.com/account/lost-password/https_/okstartups.com/account/lost-password/https%3A%2F%2Fokstartups.com%2Faccount%2Flost-password%2F/index.html]
[okstartups.com/cart/indexa946.html]
[okstartups.com/product/company-registration/http_/okstartups.com/product/company-registration/_removed_item=1.html]
[okstartups.com/account/lost-password/https_/okstartups.com/account/lost-password/https_/okstartups.com/account/lost-password/https%3A%2F%2Fokstartups.com%2Faccount%2Flost-password%2F/index-2.html]
[okstartups.com/account/lost-password/https_/okstartups.com/account/lost-password/https_/okstartups.com/account/lost-password/https%3A%2F%2Fokstartups.com%2Faccount%2Flost-password%2F/index-2.html]
[okstartups.com/account/lost-password/https_/okstartups.com/account/lost-password/https_/okstartups.com/account/lost-password/https%3A%2F%2Fokstartups.com%2Faccount%2Flost-p/https_/okstartup/index.html]
[okstartups.com/account/lost-password/https_/okstartups.com/account/lost-password/https_/okstartups.com/account/lost-password/https%3A%2F%2Fokstartups.com%2Faccount%2Flost-p/https_/okstartup/index-2.html]
[okstartups.com/account/lost-password/https_/okstartups.com/account/lost-password/https_/okstartups.com/account/lost-password/https%3A%2F%2Fokstartups.com%2Faccount%2Flost-p/https_/okstartup/index-2.html]
